=== 빈 날짜 확인: 2026-08-19 ~ 2026-08-19 (마지막 수집: 2026-08-18) ===
수집 대상 (1개): 2026-08-19

=== 2026-08-19 수집 ===
출력 위치: /home/dentium/system_log/2026-08-19
  [로그 CSV] 5개 파일 복사
  [GUI 로그] 5개 파일 복사
  [웹GUI 로그] 1개 파일 복사
  [운행 기록] 3개 파일 복사
  [Nav2 로그] 2개 파일 복사
  [맵 데이터(.pgm)] 1개 파일 복사
  [맵 데이터(.yaml)] 1개 파일 복사
  용량: 384M


=== WiFi 연결 확인됨 - push 진행 ===
=== 원격 변경사항 동기화 (git pull) ===
Already up to date.

=== 50MB 넘는 파일 gzip 압축 ===
  압축됨: 2026-08-19/robot_csv/robot_health_monitor_log_20260819_131451.csv.gz
  압축됨: 2026-08-19/robot_csv/robot_health_monitor_log_20260819_103037.csv.gz
  압축됨: 2026-08-19/robot_csv/robot_health_monitor_log_20260819_074023.csv.gz
압축한 파일: 3개

=== 압축 후에도 95MB 넘는 파일은 90MB 조각으로 분할 ===
분할한 파일: 0개

=== README.md 갱신 ===

=== 커밋/push ===
To https://github.com/Dentium-FW/test_logfile.git
   88dd9d0..709c6e8  HEAD -> main

완료: https://github.com/Dentium-FW/test_logfile.git
=== 빈 날짜 확인: 2026-08-20 ~ 2026-08-20 (마지막 수집: 2026-08-19) ===
수집 대상 (1개): 2026-08-20

=== 2026-08-20 수집 ===
출력 위치: /home/dentium/system_log/2026-08-20
  [로그 CSV] 1개 파일 복사
  [GUI 로그] 1개 파일 복사
  [웹GUI 로그] 1개 파일 복사
  [운행 기록] 3개 파일 복사
  [Nav2 로그] 2개 파일 복사
  [맵 데이터(.pgm)] 1개 파일 복사
  [맵 데이터(.yaml)] 1개 파일 복사
  용량: 365M


=== WiFi 연결 확인됨 - push 진행 ===
=== 원격 변경사항 동기화 (git pull) ===
Already up to date.

=== 50MB 넘는 파일 gzip 압축 ===
  압축됨: 2026-08-20/robot_csv/robot_health_monitor_log_20260820_071943.csv.gz
압축한 파일: 1개

=== 압축 후에도 95MB 넘는 파일은 90MB 조각으로 분할 ===
분할한 파일: 0개

=== README.md 갱신 ===
