2026-08-13 07:32:52,814 [MainThread] [web_gui.backend.server] [INFO] Starting Hypercorn server on http://0.0.0.0:5051
2026-08-13 07:32:52,817 [MainThread] [web_gui.backend.server] [INFO] Thread dump handler ready: kill -USR1 2738
2026-08-13 07:32:53,936 [MainThread] [web_gui.backend.robots.core] [INFO] Polling thread started
2026-08-13 07:32:53,943 [MainThread] [web_gui.backend.robots.core] [INFO] SSE streams started (7 new, 7 total)
2026-08-13 07:32:53,973 [MainThread] [web_gui.backend.server] [INFO] Voice event settings ready: /home/dentium/.local/share/dentium-webgui/config/voice_event_settings.json
2026-08-13 07:32:54,034 [MainThread] [web_gui.backend.server] [INFO] Browser music catalog ready in voice event settings: /home/dentium/.local/share/dentium-webgui/config/voice_event_settings.json
2026-08-13 07:32:54,218 [MainThread] [web_gui.backend.robots.ops] [INFO] Direct ROS2 node ready for latency-sensitive commands
2026-08-13 07:32:54,239 [MainThread] [web_gui.backend.robots.ops] [INFO] ROS2 callbell subscriber ready for /callbell
2026-08-13 08:59:34,914 [MainThread] [web_gui.backend.server] [INFO] Starting Hypercorn server on http://0.0.0.0:5051
2026-08-13 08:59:34,917 [MainThread] [web_gui.backend.server] [INFO] Thread dump handler ready: kill -USR1 2738
2026-08-13 08:59:36,074 [MainThread] [web_gui.backend.robots.core] [INFO] Polling thread started
2026-08-13 08:59:36,095 [MainThread] [web_gui.backend.robots.core] [INFO] SSE streams started (7 new, 7 total)
2026-08-13 08:59:36,121 [MainThread] [web_gui.backend.server] [INFO] Voice event settings ready: /home/dentium/.local/share/dentium-webgui/config/voice_event_settings.json
2026-08-13 08:59:36,182 [MainThread] [web_gui.backend.server] [INFO] Browser music catalog ready in voice event settings: /home/dentium/.local/share/dentium-webgui/config/voice_event_settings.json
2026-08-13 08:59:36,585 [MainThread] [web_gui.backend.robots.ops] [INFO] Direct ROS2 node ready for latency-sensitive commands
2026-08-13 08:59:36,637 [MainThread] [web_gui.backend.robots.ops] [INFO] ROS2 callbell subscriber ready for /callbell
2026-08-13 09:53:50,558 [ThreadPoolExecutor-1_0] [web_gui.backend.robots.ops] [INFO] ROS2 path topic subscribers ready for /robot_ec2b/plan
2026-08-13 09:53:59,027 [MainThread] [web_gui.backend.robots.ops] [INFO] ROS2 path topic subscribers stopped
2026-08-13 10:00:10,849 [ThreadPoolExecutor-1_1] [web_gui.backend.robots.ops] [INFO] ROS2 path topic subscribers ready for /robot_ec2b/plan
2026-08-13 10:00:12,848 [MainThread] [web_gui.backend.robots.ops] [INFO] ROS2 path topic subscribers stopped
2026-08-13 10:00:18,546 [ThreadPoolExecutor-1_1] [web_gui.backend.robots.ops] [INFO] ROS2 path topic subscribers ready for /robot_ec2b/plan
2026-08-13 10:00:28,961 [flask-wsgi_0] [web_gui.backend.robots.ops] [INFO] Sending command to /warning_area_info: {"timestamp": "1", "Areas": [{"index": 1, "type": 2, "is_meter": true, "points": [[873.152989558793, 126.65256797583083], [975.9645043349848, 126.65256797583083], [975.9645043349848, 197.1806684419107], [873.152989558793, 197.1806684419107]], "points_meter": [[2.494589686763792, 0.33042296072507327], [5.578935130049544, 0.33042296072507327], [5.578935130049544, -1.7854200532573223], [2.494589686763792, -1.7854200532573223]]}]}
2026-08-13 10:00:28,977 [flask-wsgi_0] [web_gui.backend.robots.ops] [INFO] Response from /warning_area_info: [200] {"ok": true, "payload": {"timestamp": "1", "Areas": [{"index": 1, "type": 2, "is_meter": true, "points": [[873.152989558793, 126.65256797583083], [975.9645043349848, 126.65256797583083], [975.9645043349848, 197.1806684419107], [873.152989558793, 197.1806684419107]], "points_meter": [[2.494589686763792, 0.33042296072507327], [5.578935130049544, 0.33042296072507327], [5.578935130049544, -1.7854200532573223], [2.494589686763792, -1.7854200532573223]]}]}, "topic": "/warning_area_info"}
2026-08-13 10:00:28,979 [flask-wsgi_0] [web_gui.backend.robots.ops] [INFO] [Optimization] Triggering immediate fetch for warning_areas with delay
2026-08-13 10:00:42,159 [flask-wsgi_3] [web_gui.backend.robots.ops] [INFO] Sending command to /localization_info: {"timestamp": 1786582842, "Destinations": [{"name": "로비", "goal_pose": {"x": 4.241336459631034, "y": -2.361104203714551, "qw": 0.5097087478206946, "qz": 0.8603470185890455}, "idx": 0, "color": "#e53935", "bell": {"treatment": "", "suction": "64012cd7"}}, {"name": "수술실", "goal_pose": {"x": 4.5199271819089395, "y": -3.9219605026851503, "qw": 0.14533446519134308, "qz": -0.9893825818294691}, "idx": 1, "color": "#e53935", "bell": {"treatment": "", "suction": "64132cd7"}}, {"name": "진료실", "goal_pose": {"x": 0.11980823444488001, "y": -3.735511450600503, "qw": 0.9963649848510122, "qz": 0.08518695300832219}, "idx": 2, "color": "#e53935", "bell": {"treatment": "", "suction": "64252cd7"}}, {"name": "창고", "goal_pose": {"x": 0.2834625688692579, "y": -6.793061814598156, "qw": 0.5257961572167337, "qz": 0.8506106048340308}, "idx": 3, "color": "#e53935", "bell": {"treatment": "", "suction": "64372cd7"}}, {"name": "소독실", "goal_pose": {"x": -3.4045695907217928, "y": -7.611793760201744, "qw": 0.546869706461766, "qz": 0.8372177280459497}, "idx": 4, "color": "#e53935", "bell": {"treatment": "", "suction": "64492cd7"}}]}
2026-08-13 10:00:42,196 [flask-wsgi_3] [web_gui.backend.robots.ops] [INFO] Response from /localization_info: [200] {"ok": true, "payload": {"timestamp": 1786582842, "Destinations": [{"name": "로비", "goal_pose": {"x": 4.241336459631034, "y": -2.361104203714551, "qw": 0.5097087478206946, "qz": 0.8603470185890455}, "idx": 0, "color": "#e53935", "bell": {"treatment": "", "suction": "64012cd7"}}, {"name": "수술실", "goal_pose": {"x": 4.5199271819089395, "y": -3.9219605026851503, "qw": 0.14533446519134308, "qz": -0.9893825818294691}, "idx": 1, "color": "#e53935", "bell": {"treatment": "", "suction": "64132cd7"}}, {"name": "진료실", "goal_pose": {"x": 0.11980823444488001, "y": -3.735511450600503, "qw": 0.9963649848510122, "qz": 0.08518695300832219}, "idx": 2, "color": "#e53935", "bell": {"treatment": "", "suction": "64252cd7"}}, {"name": "창고", "goal_pose": {"x": 0.2834625688692579, "y": -6.793061814598156, "qw": 0.5257961572167337, "qz": 0.8506106048340308}, "idx": 3, "color": "#e53935", "bell": {"treatment": "", "suction": "64372cd7"}}, {"name": "소독실", "goal_pose": {"x": -3.4045695907217928, "y": -7.611793760201744, "qw": 0.546869706461766, "qz": 0.8372177280459497}, "idx": 4, "color": "#e53935", "bell": {"treatment": "", "suction": "64492cd7"}}]}, "topic": "/localization_info"}
2026-08-13 10:00:42,197 [flask-wsgi_3] [web_gui.backend.robots.ops] [INFO] [Optimization] Triggering immediate fetch for destinations with delay
2026-08-13 10:00:42,245 [flask-wsgi_1] [web_gui.backend.robots.ops] [INFO] Sending command to /keepout_zone_info: {"timestamp": "1", "Areas": []}
2026-08-13 10:00:42,247 [flask-wsgi_0] [web_gui.backend.robots.ops] [INFO] Sending command to /preferred_area_info: {"timestamp": "1", "Areas": []}
2026-08-13 10:00:42,261 [flask-wsgi_5] [web_gui.backend.robots.ops] [INFO] Sending command to /warning_area_info: {"timestamp": "2", "Areas": [{"index": 1, "type": 2, "is_meter": true, "points": [[964.9591992171565, 110.23576552668578], [994.0027965344824, 191.74341927729813], [908.5952666385791, 222.17665826800396], [879.5516693212533, 140.6690045173916]], "points_meter": [[5.248775976514697, 0.8229270341994273], [6.120083896034473, -1.6223025783189442], [3.557857999157374, -2.5352997480401207], [2.6865500796375983, -0.09007013552174925]]}]}
2026-08-13 10:00:42,269 [flask-wsgi_0] [web_gui.backend.robots.ops] [INFO] Response from /preferred_area_info: [200] {"ok": true, "payload": {"timestamp": "1", "Areas": []}, "topic": "/preferred_area_info"}
2026-08-13 10:00:42,273 [flask-wsgi_0] [web_gui.backend.robots.ops] [INFO] [Optimization] Triggering immediate fetch for preferred_areas with delay
2026-08-13 10:00:42,280 [flask-wsgi_1] [web_gui.backend.robots.ops] [INFO] Response from /keepout_zone_info: [200] {"ok": true, "payload": {"timestamp": "1", "Areas": []}, "topic": "/keepout_zone_info"}
2026-08-13 10:00:42,290 [flask-wsgi_1] [web_gui.backend.robots.ops] [INFO] [Optimization] Triggering immediate fetch for keepout_zones with delay
2026-08-13 10:00:42,293 [flask-wsgi_5] [web_gui.backend.robots.ops] [INFO] Response from /warning_area_info: [200] {"ok": true, "payload": {"timestamp": "2", "Areas": [{"index": 1, "type": 2, "is_meter": true, "points": [[964.9591992171565, 110.23576552668578], [994.0027965344824, 191.74341927729813], [908.5952666385791, 222.17665826800396], [879.5516693212533, 140.6690045173916]], "points_meter": [[5.248775976514697, 0.8229270341994273], [6.120083896034473, -1.6223025783189442], [3.557857999157374, -2.5352997480401207], [2.6865500796375983, -0.09007013552174925]]}]}, "topic": "/warning_area_info"}
2026-08-13 10:00:42,293 [flask-wsgi_5] [web_gui.backend.robots.ops] [INFO] [Optimization] Triggering immediate fetch for warning_areas with delay
2026-08-13 10:00:48,064 [flask-wsgi_0] [web_gui.backend.robots.ops] [INFO] Sending command to /localization_info: {"timestamp": 1786582848, "Destinations": [{"name": "로비", "goal_pose": {"x": 4.241336459631034, "y": -2.361104203714551, "qw": 0.5097087478206946, "qz": 0.8603470185890455}, "idx": 0, "color": "#e53935", "bell": {"treatment": "", "suction": "64012cd7"}}, {"name": "수술실", "goal_pose": {"x": 4.5199271819089395, "y": -3.9219605026851503, "qw": 0.14533446519134308, "qz": -0.9893825818294691}, "idx": 1, "color": "#e53935", "bell": {"treatment": "", "suction": "64132cd7"}}, {"name": "진료실", "goal_pose": {"x": 0.11980823444488001, "y": -3.735511450600503, "qw": 0.9963649848510122, "qz": 0.08518695300832219}, "idx": 2, "color": "#e53935", "bell": {"treatment": "", "suction": "64252cd7"}}, {"name": "창고", "goal_pose": {"x": 0.2834625688692579, "y": -6.793061814598156, "qw": 0.5257961572167337, "qz": 0.8506106048340308}, "idx": 3, "color": "#e53935", "bell": {"treatment": "", "suction": "64372cd7"}}, {"name": "소독실", "goal_pose": {"x": -3.4045695907217928, "y": -7.611793760201744, "qw": 0.546869706461766, "qz": 0.8372177280459497}, "idx": 4, "color": "#e53935", "bell": {"treatment": "", "suction": "64492cd7"}}]}
2026-08-13 10:00:48,131 [flask-wsgi_0] [web_gui.backend.robots.ops] [INFO] Response from /localization_info: [200] {"ok": true, "payload": {"timestamp": 1786582848, "Destinations": [{"name": "로비", "goal_pose": {"x": 4.241336459631034, "y": -2.361104203714551, "qw": 0.5097087478206946, "qz": 0.8603470185890455}, "idx": 0, "color": "#e53935", "bell": {"treatment": "", "suction": "64012cd7"}}, {"name": "수술실", "goal_pose": {"x": 4.5199271819089395, "y": -3.9219605026851503, "qw": 0.14533446519134308, "qz": -0.9893825818294691}, "idx": 1, "color": "#e53935", "bell": {"treatment": "", "suction": "64132cd7"}}, {"name": "진료실", "goal_pose": {"x": 0.11980823444488001, "y": -3.735511450600503, "qw": 0.9963649848510122, "qz": 0.08518695300832219}, "idx": 2, "color": "#e53935", "bell": {"treatment": "", "suction": "64252cd7"}}, {"name": "창고", "goal_pose": {"x": 0.2834625688692579, "y": -6.793061814598156, "qw": 0.5257961572167337, "qz": 0.8506106048340308}, "idx": 3, "color": "#e53935", "bell": {"treatment": "", "suction": "64372cd7"}}, {"name": "소독실", "goal_pose": {"x": -3.4045695907217928, "y": -7.611793760201744, "qw": 0.546869706461766, "qz": 0.8372177280459497}, "idx": 4, "color": "#e53935", "bell": {"treatment": "", "suction": "64492cd7"}}]}, "topic": "/localization_info"}
2026-08-13 10:00:48,133 [flask-wsgi_0] [web_gui.backend.robots.ops] [INFO] [Optimization] Triggering immediate fetch for destinations with delay
2026-08-13 10:00:48,152 [flask-wsgi_5] [web_gui.backend.robots.ops] [INFO] Sending command to /keepout_zone_info: {"timestamp": "2", "Areas": []}
2026-08-13 10:00:48,163 [flask-wsgi_2] [web_gui.backend.robots.ops] [INFO] Sending command to /warning_area_info: {"timestamp": "3", "Areas": [{"index": 1, "type": 2, "is_meter": true, "points": [[946.0855698691798, 103.77895278623305], [975.1291671865057, 185.2866065368454], [889.7216372906024, 215.71984552755123], [860.6780399732766, 134.21219177693888]], "points_meter": [[4.682567096075395, 1.0166314164130092], [5.553875015595171, -1.4285981961053622], [2.9916491187180725, -2.3415953658265387], [2.1203411991982968, 0.10363424669183274]]}]}
2026-08-13 10:00:48,177 [flask-wsgi_5] [web_gui.backend.robots.ops] [INFO] Response from /keepout_zone_info: [200] {"ok": true, "payload": {"timestamp": "2", "Areas": []}, "topic": "/keepout_zone_info"}
2026-08-13 10:00:48,178 [flask-wsgi_5] [web_gui.backend.robots.ops] [INFO] [Optimization] Triggering immediate fetch for keepout_zones with delay
2026-08-13 10:00:48,189 [flask-wsgi_2] [web_gui.backend.robots.ops] [INFO] Response from /warning_area_info: [200] {"ok": true, "payload": {"timestamp": "3", "Areas": [{"index": 1, "type": 2, "is_meter": true, "points": [[946.0855698691798, 103.77895278623305], [975.1291671865057, 185.2866065368454], [889.7216372906024, 215.71984552755123], [860.6780399732766, 134.21219177693888]], "points_meter": [[4.682567096075395, 1.0166314164130092], [5.553875015595171, -1.4285981961053622], [2.9916491187180725, -2.3415953658265387], [2.1203411991982968, 0.10363424669183274]]}]}, "topic": "/warning_area_info"}
2026-08-13 10:00:48,193 [flask-wsgi_2] [web_gui.backend.robots.ops] [INFO] [Optimization] Triggering immediate fetch for warning_areas with delay
2026-08-13 10:00:48,202 [flask-wsgi_4] [web_gui.backend.robots.ops] [INFO] Sending command to /preferred_area_info: {"timestamp": "2", "Areas": []}
2026-08-13 10:00:48,227 [flask-wsgi_4] [web_gui.backend.robots.ops] [INFO] Response from /preferred_area_info: [200] {"ok": true, "payload": {"timestamp": "2", "Areas": []}, "topic": "/preferred_area_info"}
2026-08-13 10:00:48,228 [flask-wsgi_4] [web_gui.backend.robots.ops] [INFO] [Optimization] Triggering immediate fetch for preferred_areas with delay
2026-08-13 10:02:13,578 [flask-wsgi_0] [web_gui.backend.robots.inventory] [ERROR] [RobotManager] Fetch robots_home_pose error: ('Connection aborted.', RemoteDisconnected('Remote end closed connection without response'))
2026-08-13 10:45:34,506 [flask-wsgi_4] [web_gui.backend.robots.ops] [INFO] Sending command to /warning_area_info: {"timestamp": "4", "Areas": []}
2026-08-13 10:45:34,526 [flask-wsgi_4] [web_gui.backend.robots.ops] [INFO] Response from /warning_area_info: [200] {"ok": true, "payload": {"timestamp": "4", "Areas": []}, "topic": "/warning_area_info"}
2026-08-13 10:45:34,527 [flask-wsgi_4] [web_gui.backend.robots.ops] [INFO] [Optimization] Triggering immediate fetch for warning_areas with delay
2026-08-13 10:46:11,473 [ThreadPoolExecutor-1_1] [web_gui.backend.robots.ops] [INFO] ROS2 path topic subscribers stopped
2026-08-13 10:46:18,775 [ThreadPoolExecutor-1_2] [web_gui.backend.robots.ops] [INFO] ROS2 path topic subscribers ready for /robot_ec2b/amcl_pose, /robot_ec2b/global_plan, /robot_ec2b/local_plan, /robot_ec2b/mcl_pose, /robot_ec2b/odometry/filtered, /robot_ec2b/path, /robot_ec2b/plan, /robot_ec2b/plan_smoothed, /robot_ec2b/preferred_path, /robot_ec2b/preferred_paths, /robot_ec2b/received_global_plan, /robot_ec2b/received_local_plan, /robot_ec2b/transformed_global_plan
2026-08-13 10:46:19,782 [ThreadPoolExecutor-1_1] [web_gui.backend.robots.ops] [INFO] ROS2 path topic subscribers stopped
2026-08-13 10:46:19,879 [ThreadPoolExecutor-1_1] [web_gui.backend.robots.ops] [INFO] ROS2 path topic subscribers ready for /robot_ec2b/plan
2026-08-13 15:09:42,987 [ThreadPoolExecutor-1_2] [web_gui.backend.robots.ops] [INFO] ROS2 path topic subscribers stopped
2026-08-13 15:09:43,115 [ThreadPoolExecutor-1_3] [web_gui.backend.robots.ops] [INFO] ROS2 path topic subscribers ready for /robot_ec2b/amcl_pose, /robot_ec2b/global_plan, /robot_ec2b/local_plan, /robot_ec2b/mcl_pose, /robot_ec2b/odometry/filtered, /robot_ec2b/path, /robot_ec2b/plan, /robot_ec2b/plan_smoothed, /robot_ec2b/preferred_path, /robot_ec2b/preferred_paths, /robot_ec2b/received_global_plan, /robot_ec2b/received_local_plan, /robot_ec2b/transformed_global_plan
2026-08-13 15:09:48,018 [ThreadPoolExecutor-1_1] [web_gui.backend.robots.ops] [INFO] ROS2 manual IR subscribers ready for /robot_ec2b/ir/image_raw
2026-08-13 15:09:50,535 [ThreadPoolExecutor-1_3] [web_gui.backend.robots.ops] [INFO] ROS2 manual IR subscribers stopped
2026-08-13 15:09:52,173 [ThreadPoolExecutor-1_3] [web_gui.backend.robots.ops] [INFO] ROS2 manual scan subscribers ready for /robot_ec2b/scan_filtered
2026-08-13 15:10:08,391 [direct-ros-command_0] [web_gui.backend.robots.ops] [INFO] Direct ROS2 publisher ready for /robot_ec2b/initialpose
2026-08-13 15:10:08,394 [direct-ros-command_0] [web_gui.backend.robots.ops] [INFO] [DeveloperManual] Published initialpose: robot=robot_ec2b topic=/robot_ec2b/initialpose by=admin
2026-08-13 15:10:10,335 [ThreadPoolExecutor-1_1] [web_gui.backend.robots.ops] [INFO] ROS2 manual scan subscribers stopped
2026-08-13 15:10:10,458 [ThreadPoolExecutor-1_3] [web_gui.backend.robots.ops] [INFO] ROS2 path topic subscribers stopped
2026-08-13 15:10:10,554 [ThreadPoolExecutor-1_2] [web_gui.backend.robots.ops] [INFO] ROS2 path topic subscribers ready for /robot_ec2b/plan
2026-08-13 15:15:40,221 [ThreadPoolExecutor-1_0] [web_gui.backend.robots.ops] [INFO] ROS2 path topic subscribers stopped
2026-08-13 15:15:54,818 [ThreadPoolExecutor-1_2] [web_gui.backend.robots.ops] [INFO] ROS2 path topic subscribers ready for /robot_ec2b/plan
2026-08-13 15:26:44,220 [flask-wsgi_4] [web_gui.backend.robots.inventory] [ERROR] [RobotManager] Fetch robots_home_pose error: ('Connection aborted.', RemoteDisconnected('Remote end closed connection without response'))
2026-08-13 15:30:24,557 [flask-wsgi_6] [web_gui.backend.robots.inventory] [ERROR] [RobotManager] Fetch robots_home_pose error: ('Connection aborted.', RemoteDisconnected('Remote end closed connection without response'))
2026-08-13 15:47:18,163 [flask-wsgi_6] [web_gui.backend.robots.inventory] [ERROR] [RobotManager] Fetch robots_home_pose error: ('Connection aborted.', RemoteDisconnected('Remote end closed connection without response'))
2026-08-13 16:10:49,771 [ThreadPoolExecutor-1_2] [web_gui.backend.robots.ops] [INFO] ROS2 path topic subscribers stopped
2026-08-13 16:10:49,784 [ThreadPoolExecutor-1_1] [web_gui.backend.robots.ops] [INFO] ROS2 manual scan subscribers ready for /robot_ec2b/scan_filtered
2026-08-13 16:10:51,381 [ThreadPoolExecutor-1_3] [web_gui.backend.robots.ops] [INFO] ROS2 manual scan subscribers stopped
2026-08-13 16:10:54,111 [ThreadPoolExecutor-1_1] [web_gui.backend.robots.ops] [INFO] ROS2 manual scan subscribers ready for /robot_ec2b/scan_filtered
2026-08-13 16:10:56,217 [ThreadPoolExecutor-1_1] [web_gui.backend.robots.ops] [INFO] ROS2 manual IR subscribers ready for /robot_ec2b/ir/image_raw
2026-08-13 16:11:18,716 [ThreadPoolExecutor-1_3] [web_gui.backend.robots.ops] [INFO] ROS2 manual IR subscribers stopped
2026-08-13 16:36:23,201 [flask-wsgi_3] [web_gui.backend.robots.inventory] [ERROR] [RobotManager] Fetch robots_home_pose error: ('Connection aborted.', RemoteDisconnected('Remote end closed connection without response'))
2026-08-13 16:45:06,188 [flask-wsgi_3] [web_gui.backend.server] [WARNING] Falling back to local robot speed cache: ('Connection aborted.', ConnectionResetError(104, 'Connection reset by peer'))
